2026-09-11T08:19:50Z INF Thank you for trying Cloudflare Tunnel. Doing so, without a Cloudflare account, is a quick way to experiment and try it out. However, be aware that these account-less Tunnels have no uptime guarantee, are subject to the Cloudflare Online Services Terms of Use (https://www.cloudflare.com/website-terms/), and Cloudflare reserves the right to investigate your use of Tunnels for violations of such terms. If you intend to use Tunnels in production you should use a pre-created named tunnel by following: https://developers.cloudflare.com/cloudflare-one/connections/connect-apps
2026-09-11T08:19:50Z INF Requesting new quick Tunnel on trycloudflare.com...
2026-09-11T08:19:56Z INF +--------------------------------------------------------------------------------------------+
2026-09-11T08:19:56Z INF |  Your quick Tunnel has been created! Visit it at (it may take some time to be reachable):  |
2026-09-11T08:19:56Z INF |  https://fascinating-update-disposition-requirements.trycloudflare.com                     |
2026-09-11T08:19:56Z INF +--------------------------------------------------------------------------------------------+
2026-09-11T08:19:56Z INF Cannot determine default configuration path. No file [config.yml config.yaml] in [~/.cloudflared ~/.cloudflare-warp ~/cloudflare-warp /etc/cloudflared /usr/local/etc/cloudflared]
2026-09-11T08:19:56Z INF Version 2026.8.3 (Checksum f29324fe934d1e100617484c78deef803c4dc2cd351d645bbde42e96b4fccc5e)
2026-09-11T08:19:56Z INF GOOS: linux, GOVersion: go1.26.4, GoArch: amd64
2026-09-11T08:19:56Z INF Settings: map[ha-connections:1 no-autoupdate:true protocol:quic url:http://127.0.0.1:8787]
2026-09-11T08:19:56Z INF Generated Connector ID: 3e025ac3-adf7-4969-8003-f6b1a0376a00
2026-09-11T08:19:56Z INF Initial protocol quic
2026-09-11T08:19:56Z INF ICMP proxy will use 167.233.193.56 as source for IPv4
2026-09-11T08:19:56Z INF ICMP proxy will use 2a01:4f8:c015:9b81::1 in zone eth0 as source for IPv6
2026-09-11T08:19:56Z WRN The user running cloudflared process has a GID (group ID) that is not within ping_group_range. You might need to add that user to a group within that range, or instead update the range to encompass a group the user is already in by modifying /proc/sys/net/ipv4/ping_group_range. Otherwise cloudflared will not be able to ping this network error="Group ID 0 is not between ping group 1 to 0"
2026-09-11T08:19:56Z WRN ICMP proxy feature is disabled error="cannot create ICMPv4 proxy: Group ID 0 is not between ping group 1 to 0 nor ICMPv6 proxy: socket: permission denied"
2026-09-11T08:19:56Z INF ICMP proxy will use 167.233.193.56 as source for IPv4
2026-09-11T08:19:56Z INF ICMP proxy will use 2a01:4f8:c015:9b81::1 in zone eth0 as source for IPv6
2026-09-11T08:19:56Z INF Starting metrics server on 127.0.0.1:20241/metrics
2026-09-11T08:19:56Z INF Tunnel connection curve preferences: [X25519MLKEM768 CurveID(65074) CurveP256] connIndex=0 event=0 ip=2606:4700:a8::4
2026-09-11T08:19:56Z INF +-------------------------------------------------------------------------------------+
2026-09-11T08:19:56Z INF |                               CONNECTIVITY PRE-CHECKS                               |
2026-09-11T08:19:56Z INF +-------------------------------------------------------------------------------------+
2026-09-11T08:19:56Z INF |  COMPONENT         TARGET                     STATUS  DETAILS                       |
2026-09-11T08:19:56Z INF |  DNS Resolution    region1.v2.argotunnel.com  PASS    DNS Resolved successfully     |
2026-09-11T08:19:56Z INF |  DNS Resolution    region2.v2.argotunnel.com  PASS    DNS Resolved successfully     |
2026-09-11T08:19:56Z INF |  UDP Connectivity  region1.v2.argotunnel.com  PASS    QUIC connection successful    |
2026-09-11T08:19:56Z INF |  UDP Connectivity  region2.v2.argotunnel.com  PASS    QUIC connection successful    |
2026-09-11T08:19:56Z INF |  TCP Connectivity  region1.v2.argotunnel.com  PASS    HTTP/2 connection successful  |
2026-09-11T08:19:56Z INF |  TCP Connectivity  region2.v2.argotunnel.com  PASS    HTTP/2 connection successful  |
2026-09-11T08:19:56Z INF |  Cloudflare API    api.cloudflare.com:443     PASS    API is reachable              |
2026-09-11T08:19:56Z INF |                                                                                     |
2026-09-11T08:19:56Z INF |  SUMMARY: Environment is healthy. cloudflared will use 'quic' as primary protocol.  |
2026-09-11T08:19:56Z INF +-------------------------------------------------------------------------------------+
2026-09-11T08:19:56Z INF precheck component="DNS Resolution" details="DNS Resolved successfully" run_id=b57d89df-9c51-434c-aba9-c427e3734626 status=pass target=region1.v2.argotunnel.com
2026-09-11T08:19:56Z INF precheck component="DNS Resolution" details="DNS Resolved successfully" run_id=b57d89df-9c51-434c-aba9-c427e3734626 status=pass target=region2.v2.argotunnel.com
2026-09-11T08:19:56Z INF precheck component="UDP Connectivity" details="QUIC connection successful" run_id=b57d89df-9c51-434c-aba9-c427e3734626 status=pass target=region1.v2.argotunnel.com
2026-09-11T08:19:56Z INF precheck component="UDP Connectivity" details="QUIC connection successful" run_id=b57d89df-9c51-434c-aba9-c427e3734626 status=pass target=region2.v2.argotunnel.com
2026-09-11T08:19:56Z INF precheck component="TCP Connectivity" details="HTTP/2 connection successful" run_id=b57d89df-9c51-434c-aba9-c427e3734626 status=pass target=region1.v2.argotunnel.com
2026-09-11T08:19:56Z INF precheck component="TCP Connectivity" details="HTTP/2 connection successful" run_id=b57d89df-9c51-434c-aba9-c427e3734626 status=pass target=region2.v2.argotunnel.com
2026-09-11T08:19:56Z INF precheck component="Cloudflare API" details="API is reachable" run_id=b57d89df-9c51-434c-aba9-c427e3734626 status=pass target=api.cloudflare.com:443
2026-09-11T08:19:56Z INF precheck complete hard_fail=false run_id=b57d89df-9c51-434c-aba9-c427e3734626 suggested_protocol=quic
2026-09-11T08:19:56Z INF Registered tunnel connection connIndex=0 connection=ea5b3b33-da7c-4c5a-991b-82d7e9eb304d event=0 ip=2606:4700:a8::4 location=fra17 protocol=quic
